
> port@0.0.1 build
> astro build

[2m02:19:38[22m [34m[content][39m Syncing content
node.exe : [31m[Invali
dContentEntryDataError]
[39m [1mprojects ΓåÆ 
jarvis[22m data does 
not match collection 
schema.
At line:1 char:1
+ & "C:\Program 
Files\nodejs/node.exe" 
"C:\Program 
Files\nodejs/node_mo 
...
+ ~~~~~~~~~~~~~~~~~~~~~
~~~~~~~~~~~~~~~~~~~~~~~
~~~~~~~~~~~~~~~~~~~~~~~
~~
    + CategoryInfo     
         : NotSpecifi  
  ed: ([31m[Invalid   
 Co...lection schem    
a.:String) [], Rem    
oteException
    + FullyQualifiedEr 
   rorId : NativeComm  
  andError
 

  **: [
  {
    "expected": 
"string",
    "code": 
"invalid_type",
    "path": [
      "title"
    ],
    "message": 
"[1mtitle[22m: 
Required"
  },
  {
    "expected": 
"string",
    "code": 
"invalid_type",
    "path": [
      "description"
    ],
    "message": 
"[1mdescription[22m: 
Required"
  },
  {
    "expected": 
"array",
    "code": 
"invalid_type",
    "path": [
      "tags"
    ],
    "message": 
"[1mtags[22m: 
Required"
  },
  {
    "expected": "date",
    "code": 
"invalid_type",
    "received": 
"Invalid Date",
    "path": [
      "publishDate"
    ],
    "message": 
"[1mpublishDate[22m: 
Expected type 
`\"date\"`, received 
`\"object\"`"
  }
]

  [1mHint:[22m
[33m    See [4mhttps:
//docs.astro.build/en/g
uides/content-collectio
ns/[24m for more 
information on content 
schemas.[39m
  [1mError 
reference:[22m
    [36m[4mhttps://do
cs.astro.build/en/refer
ence/errors/invalid-con
tent-entry-data-error/
[24m[39m
  [1mLocation:[22m
    [4mC:\Users\Savish
ka\port\port\src\conten
t\projects\jarvis.md:0:
0[24m
  [1mStack trace:[22m
[2m    at 
getEntryData (C:\Users\
Savishka\port\port\node
_modules\astro\dist\con
tent\utils.js:123:16)
    at async eval (C:\U
sers\Savishka\port\port
\node_modules\astro\dis
t\content\loaders\glob.
js:211:13)[22m
